<!doctype html><html lang="en"><head><meta charset="utf-8"><meta name="viewport" content="width=device-width, initial-scale=1"><link rel="stylesheet" href="/static/css/app.css"><script type="module" src="/static/js/app.js"></script><title>&lt;A guide&gt; &amp; friends</title></head><body><main><h1><A guide> &amp; friends</h1>
<nav aria-label="Table of contents"><details><summary>Table of contents</summary><ul><li><a href="#getting-started-code">Getting started &amp; code</a></li><li><a href="#getting-started-code-2">Getting started &amp; code</a></li><li><a href="#reserved-2">Reserved</a></li><li><a href="#keep-me">Custom anchor</a></li><li><a href="#%E6%97%A5%E6%9C%AC%E8%AA%9E">日本語</a></li><li><a href="#section-6">!!!</a></li><li><a href="#odd%22&amp;%3C%3E%23%3F">URL anchor</a></li><li><a href="#inside-a-quote">Inside a quote</a></li><li><a href="#inside-a-list">Inside a list</a></li><li><a href="#last-section">Last section</a></li></ul></details></nav><h2 id="getting-started-code">Getting <em>started</em> &amp; <code>code</code></h2>
<figure>
<img src="sample.jpg" alt="A small &amp; beautiful landscape" title="A title">
<figcaption>A small &amp; beautiful landscape</figcaption>
</figure>
<h2 id="getting-started-code-2">Getting <em>started</em> &amp; <code>code</code></h2>
<h2 id="reserved-2">Reserved</h2>
<h3 id="reserved">Not in the TOC</h3>
<h2 id="keep-me">Custom anchor</h2>
<h2 id="日本語">日本語</h2>
<h2 id="section-6">!!!</h2>
<h2 id="odd&quot;&amp;&lt;&gt;#?">URL anchor</h2>
<blockquote>
<h2 id="inside-a-quote">Inside a quote</h2>
<p>Some text.</p>
</blockquote>
<ul>
<li>
<h2 id="inside-a-list">Inside a list</h2>
</li>
</ul>
<h2 id="last-section">Last section</h2>
<div class="example">Raw HTML still works.</div>
</main><dialog id="image-dialog" aria-label="Enlarged image"><form method="dialog"><button aria-label="Close image"><svg xmlns="http://www.w3.org/2000/svg" width="24" height="24" viewBox="0 0 24 24" aria-hidden="true" focusable="false"><path d="M6 6l12 12M6 18L18 6" fill="none" stroke="currentColor" stroke-width="2" stroke-linecap="round"></path></svg></button></form><img alt=""></dialog></body></html>