STATE  FEED                                      UPDATED   FAIL%
[32mOK[0m     https://100r.co/links/rss.xml             623d      
[32mOK[0m     https://adnano.co/atom.xml                623d      
[32mOK[0m     https://alexwlchan.net/atom.xml           623d      
[32mOK[0m     https://andrewkelley.me/rss.xml           666d      
[32mOK[0m     https://apenwarr.ca/log/rss.php           623d      
[32mOK[0m     https://astrophena.name/feed.xml          623d      
[31mERR[0m    https://auto.onliner.by/feed              623d      
[32mOK[0m     https://bengarney.com/feed/               623d      
[32mOK[0m     https://benhoyt.com/writings/rss.xml      623d      
[32mOK[0m     https://blisch.by/tag/gorodskie-zaris...  623d      
[32mOK[0m     https://blog.wesleyac.com/feed.xml        623d      
[32mOK[0m     https://brandur.org/articles.atom         623d      
[32mOK[0m     https://brandur.org/atoms.atom            623d      
[32mOK[0m     https://brandur.org/fragments.atom        623d      
[32mOK[0m     https://brandur.org/nanoglyphs.atom       623d      
[90mNO STATE[0mhttps://bsky.app/profile/did:plc:7r2f...  -         
[32mOK[0m     https://ciechanow.ski/atom.xml            623d      
[32mOK[0m     https://commandcenter.blogspot.com/fe...  666d      
[32mOK[0m     https://crawshaw.io/atom.xml              623d      
[32mOK[0m     https://danluu.com/atom.xml               623d      
[32mOK[0m     https://drewdevault.com/blog/index.xml    623d      
[90mOFF[0m    [90mhttps://emersion.fr/blog/atom.xml[0m         623d      
[32mOK[0m     https://fasterthanli.me/index.xml         623d      
[32mOK[0m     https://fathy.fr/atom.xml                 623d      
[32mOK[0m     https://flak.tedunangst.com/rss           623d      
[90mNO STATE[0mhttps://go.dev/blog/feed.atom             -         
[32mOK[0m     https://habr.com/ru/rss/users/bodyawm...  623d      
[90mNO STATE[0mhttps://hachyderm.io/@rsc.rss             -         
[32mOK[0m     https://herman.bearblog.dev/feed/?typ...  623d      
[32mOK[0m     https://hnrss.org/best                    623d      
[32mOK[0m     https://infrequently.org/feed/            626d      
[32mOK[0m     https://jcs.org/rss                       623d      
[32mOK[0m     https://jvns.ca/atom.xml                  650d      
[32mOK[0m     https://ktostudent.ru/feed/               625d      
[32mOK[0m     https://liberda.nl/weblog/atom.xml        623d      
[32mOK[0m     https://manuelmoreale.com/feed/rss        623d      
[32mOK[0m     https://maximilyahov.ru/blog/rss/         623d      
[32mOK[0m     https://milan.cvitkovic.net/writing/i...  623d      
[32mOK[0m     https://notebook.wesleyac.com/atom.xml    623d      
[32mOK[0m     https://optozorax.github.io/atom.xml      623d      
[32mOK[0m     https://orib.dev/feed.rss                 623d      
[32mOK[0m     https://research.swtch.com/feed.atom      655d      
[32mOK[0m     https://rys.io/en/feed.rss                623d      
[32mOK[0m     https://samwho.dev/rss.xml                623d      
[32mOK[0m     https://subpixel.space/feed.xml           623d      
[32mOK[0m     https://systemstack.dev/index.xml         623d      
[32mOK[0m     https://taylor.town/feed.xml              623d      
[32mOK[0m     https://tedinski.com/feed.xml             623d      
[32mOK[0m     https://tg.i-c-a.su/rss/nikitonsky_pub    623d      
[32mOK[0m     https://thesephist.com/index.xml          623d      
[32mOK[0m     https://til.simonwillison.net/tils/fe...  623d      
[32mOK[0m     https://tonsky.me/atom.xml                623d      
[32mOK[0m     https://tudorr.ro/feed.rss                623d      
[32mOK[0m     https://v5.chriskrycho.com/essays/fee...  623d      
[32mOK[0m     https://vas3k.blog/rss/                   623d      
[32mOK[0m     https://www.arp242.net/feed.xml           627d      
[32mOK[0m     https://www.copetti.org/index.xml         637d      
[32mOK[0m     https://www.spicyweb.dev/feed.xml         623d      
[90mNO STATE[0mhttps://www.youtube.com/feeds/videos....  -         
[32mOK[0m     https://www.youtube.com/feeds/videos....  623d      
[90mNO STATE[0mhttps://www.youtube.com/feeds/videos....  -         
[32mOK[0m     https://www.youtube.com/feeds/videos....  623d      
[32mOK[0m     https://www.youtube.com/feeds/videos....  623d      
[32mOK[0m     https://www.youtube.com/feeds/videos....  623d      
[32mOK[0m     https://www.youtube.com/feeds/videos....  623d      
[32mOK[0m     https://www.youtube.com/feeds/videos....  623d      
[90mNO STATE[0mhttps://www.youtube.com/feeds/videos....  -         
[32mOK[0m     https://www.youtube.com/feeds/videos....  623d      
[32mOK[0m     https://www.youtube.com/feeds/videos....  623d      
[90mNO STATE[0mhttps://www.youtube.com/feeds/videos....  -         
[90mNO STATE[0mhttps://www.youtube.com/feeds/videos....  -         
[90mNO STATE[0mhttps://www.youtube.com/feeds/videos....  -         
[32mOK[0m     https://www.youtube.com/feeds/videos....  623d      
[32mOK[0m     https://xeiaso.net/blog.rss               623d      
[32mOK[0m     https://zserge.com/rss.xml                623d      

Summary: 75 total, [32m64 healthy[0m, [31m1 failing[0m, [90m1 disabled[0m
