STATE  FEED                                      UPDATED   FAIL%
[32mOK[0m     https://100r.co/links/rss.xml             515d      
[32mOK[0m     https://adnano.co/atom.xml                515d      
[31mERR[0m    https://alexwlchan.net/atom.xml           516d      1%
[32mOK[0m     https://andrewkelley.me/rss.xml           601d      
[32mOK[0m     https://apenwarr.ca/log/rss.php           515d      
[32mOK[0m     https://astrophena.name/feed.xml          515d      
[31mERR[0m    https://auto.onliner.by/feed              515d      3%
[31mERR[0m    https://bengarney.com/feed/               515d      5%
[32mOK[0m     https://benhoyt.com/writings/rss.xml      515d      
[32mOK[0m     https://blisch.by/tag/gorodskie-zaris...  515d      
[32mOK[0m     https://blog.wesleyac.com/feed.xml        515d      
[32mOK[0m     https://brandur.org/articles.atom         515d      
[32mOK[0m     https://brandur.org/atoms.atom            515d      
[32mOK[0m     https://brandur.org/fragments.atom        515d      
[32mOK[0m     https://brandur.org/nanoglyphs.atom       516d      
[32mOK[0m     https://bsky.app/profile/did:plc:7r2f...  515d      
[32mOK[0m     https://ciechanow.ski/atom.xml            515d      
[32mOK[0m     https://commandcenter.blogspot.com/fe...  526d      
[31mERR[0m    https://crawshaw.io/atom.xml              515d      1%
[31mERR[0m    https://danluu.com/atom.xml               515d      7%
[32mOK[0m     https://drewdevault.com/blog/index.xml    515d      
[32mOK[0m     https://emersion.fr/blog/atom.xml         515d      
[32mOK[0m     https://fasterthanli.me/index.xml         515d      
[32mOK[0m     https://fathy.fr/atom.xml                 515d      
[32mOK[0m     https://flak.tedunangst.com/rss           515d      
[32mOK[0m     https://go.dev/blog/feed.atom             515d      
[32mOK[0m     https://habr.com/ru/rss/users/bodyawm...  515d      
[32mOK[0m     https://hachyderm.io/@rsc.rss             515d      
[31mERR[0m    https://herman.bearblog.dev/feed/?typ...  515d      5%
[32mOK[0m     https://hnrss.org/best                    515d      
[32mOK[0m     https://infrequently.org/feed/            519d      
[31mERR[0m    https://jcs.org/rss                       515d      2%
[32mOK[0m     https://jvns.ca/atom.xml                  519d      
[32mOK[0m     https://ktostudent.ru/feed/               516d      
[32mOK[0m     https://liberda.nl/weblog/atom.xml        515d      
[31mERR[0m    https://manuelmoreale.com/feed/rss        515d      1%
[32mOK[0m     https://maximilyahov.ru/blog/rss/         515d      
[32mOK[0m     https://milan.cvitkovic.net/writing/i...  515d      
[32mOK[0m     https://notebook.wesleyac.com/atom.xml    515d      
[32mOK[0m     https://optozorax.github.io/atom.xml      515d      
[32mOK[0m     https://orib.dev/feed.rss                 515d      
[32mOK[0m     https://research.swtch.com/feed.atom      551d      
[32mOK[0m     https://rys.io/en/feed.rss                515d      
[32mOK[0m     https://samwho.dev/rss.xml                515d      
[32mOK[0m     https://subpixel.space/feed.xml           515d      
[31mERR[0m    https://systemstack.dev/index.xml         515d      1%
[32mOK[0m     https://taylor.town/feed.xml              515d      
[32mOK[0m     https://tedinski.com/feed.xml             515d      
[31mERR[0m    https://tg.i-c-a.su/rss/nikitonsky_pub    515d      9%
[32mOK[0m     https://thesephist.com/index.xml          515d      
[32mOK[0m     https://til.simonwillison.net/tils/fe...  515d      
[31mERR[0m    https://tonsky.me/atom.xml                515d      1%
[32mOK[0m     https://tudorr.ro/feed.rss                515d      
[32mOK[0m     https://v5.chriskrycho.com/essays/fee...  515d      
[32mOK[0m     https://vas3k.blog/rss/                   515d      
[32mOK[0m     https://www.arp242.net/feed.xml           528d      
[32mOK[0m     https://www.copetti.org/index.xml         532d      
[32mOK[0m     https://www.spicyweb.dev/feed.xml         515d      
[32mOK[0m     https://www.youtube.com/feeds/videos....  515d      
[32mOK[0m     https://www.youtube.com/feeds/videos....  515d      
[32mOK[0m     https://www.youtube.com/feeds/videos....  515d      
[32mOK[0m     https://www.youtube.com/feeds/videos....  515d      
[32mOK[0m     https://www.youtube.com/feeds/videos....  515d      
[32mOK[0m     https://www.youtube.com/feeds/videos....  515d      
[32mOK[0m     https://www.youtube.com/feeds/videos....  515d      
[32mOK[0m     https://www.youtube.com/feeds/videos....  515d      
[32mOK[0m     https://www.youtube.com/feeds/videos....  515d      
[32mOK[0m     https://www.youtube.com/feeds/videos....  515d      
[32mOK[0m     https://www.youtube.com/feeds/videos....  515d      
[32mOK[0m     https://www.youtube.com/feeds/videos....  515d      
[32mOK[0m     https://www.youtube.com/feeds/videos....  515d      
[32mOK[0m     https://www.youtube.com/feeds/videos....  515d      
[32mOK[0m     https://www.youtube.com/feeds/videos....  515d      
[31mERR[0m    https://xeiaso.net/blog.rss               515d      2%
[32mOK[0m     https://zserge.com/rss.xml                515d      

Summary: 75 total, [32m63 healthy[0m, [31m12 failing[0m, [90m0 disabled[0m
