https://100r.co/links/rss.xml ("Hundred Rabbits", last updated 2024-08-24 04:53:22, fetched 198 times)
https://adnano.co/atom.xml ("adnano.co", last updated 2024-08-24 04:53:23, fetched 198 times)
https://alexwlchan.net/atom.xml ("alexwlchan", last updated 2024-08-23 09:38:08, fetched 86 times, failure rate 1.16%)
https://andrewkelley.me/rss.xml ("Andrew Kelley", last updated 2024-05-30 09:08:31)
https://apenwarr.ca/log/rss.php ("apenwarr", last updated 2024-08-24 04:53:26, fetched 198 times)
https://astrophena.name/feed.xml ("Ilya Mateyko", last updated 2024-08-24 04:53:23, fetched 198 times)
https://auto.onliner.by/feed ("Авто Onlíner", last updated 2024-08-24 04:53:26, fetched 193 times, failure rate 2.59%)
https://bengarney.com/feed/ ("Ben Garney", last updated 2024-08-24 04:53:25, fetched 126 times, failure rate 4.76%)
https://benhoyt.com/writings/rss.xml ("Ben Hoyt's technical writing", last updated 2024-08-24 04:53:23, fetched 198 times)
https://blisch.by/tag/gorodskie-zarisovki/feed ("Город — Денис Блищ. Частное мнение", last updated 2024-08-24 04:53:23, fetched 198 times)
https://blog.wesleyac.com/feed.xml ("Wesley Aptekar-Cassels", last updated 2024-08-24 04:53:24, fetched 198 times)
https://brandur.org/articles.atom ("Articles — brandur.org", last updated 2024-08-24 04:53:22, fetched 193 times)
https://brandur.org/atoms.atom ("Atoms  — brandur.org", last updated 2024-08-24 04:53:24, fetched 179 times)
https://brandur.org/fragments.atom ("Fragments — brandur.org", last updated 2024-08-24 04:53:23, fetched 196 times)
https://brandur.org/nanoglyphs.atom ("Nanoglyph — brandur.org", last updated 2024-08-23 15:40:47, fetched 140 times)
https://bsky.app/profile/did:plc:7r2fy3b4u7mmnhgbdxnflovv/rss ("@bradfitz.com - Brad Fitzpatrick", last updated 2024-08-24 04:53:24, fetched 121 times)
https://ciechanow.ski/atom.xml ("Bartosz Ciechanowski", last updated 2024-08-24 04:53:24, fetched 198 times)
https://commandcenter.blogspot.com/feeds/posts/default ("command center", last updated 2024-08-13 15:38:47, fetched 2 times)
https://crawshaw.io/atom.xml ("David Crawshaw", last updated 2024-08-24 04:53:25, fetched 197 times, failure rate 0.51%)
https://danluu.com/atom.xml (last updated 2024-08-24 04:53:24, fetched 176 times, failure rate 6.82%)
https://drewdevault.com/blog/index.xml ("Drew DeVault's blog", last updated 2024-08-24 04:53:23, fetched 198 times)
https://emersion.fr/blog/atom.xml ("emersion", last updated 2024-08-24 04:53:25, fetched 198 times)
https://fasterthanli.me/index.xml ("fasterthanli.me", last updated 2024-08-24 04:53:25, fetched 198 times)
https://fathy.fr/atom.xml ("Fathy Boundjadj", last updated 2024-08-24 04:53:25, fetched 198 times)
https://flak.tedunangst.com/rss ("flak", last updated 2024-08-24 04:53:24, fetched 198 times)
https://go.dev/blog/feed.atom ("The Go Blog", last updated 2024-08-24 04:53:24, fetched 64 times)
https://habr.com/ru/rss/users/bodyawm/articles/?fl=ru ("Статьи", last updated 2024-08-24 04:53:24, fetched 198 times)
https://hachyderm.io/@rsc.rss ("Russ Cox", last updated 2024-08-24 04:53:24, fetched 198 times)
https://herman.bearblog.dev/feed/?type=rss ("ᕕ( ᐛ )ᕗ Herman's blog", last updated 2024-08-24 04:53:23, fetched 188 times, failure rate 5.32%)
https://hnrss.org/best ("Hacker News: Best", last updated 2024-08-24 04:53:25, fetched 123 times)
https://infrequently.org/feed/ ("Infrequently Noted", last updated 2024-08-20 04:53:36, fetched 28 times)
https://jcs.org/rss ("joshua stein", last updated 2024-08-24 04:53:25, fetched 195 times, failure rate 1.54%)
https://jvns.ca/atom.xml ("Julia Evans", last updated 2024-08-20 04:53:36, fetched 6 times)
https://ktostudent.ru/feed/ ("Кто студент", last updated 2024-08-23 15:40:48, fetched 30 times)
https://liberda.nl/weblog/atom.xml ("lnl's weblog - weblog posts.", last updated 2024-08-24 04:53:24, fetched 198 times)
https://manuelmoreale.com/feed/rss ("Manuel Moreale RSS Feed", last updated 2024-08-24 04:53:26, fetched 197 times, failure rate 0.51%)
https://maximilyahov.ru/blog/rss/ ("Ильяхов", last updated 2024-08-24 04:53:25, fetched 198 times)
https://milan.cvitkovic.net/writing/index.xml ("Milan Cvitkovic", last updated 2024-08-24 04:53:25, fetched 198 times)
https://notebook.wesleyac.com/atom.xml ("Wesley's Notebook", last updated 2024-08-24 04:53:25, fetched 198 times)
https://optozorax.github.io/atom.xml ("optozorax.blog", last updated 2024-08-24 04:53:25, fetched 198 times)
https://orib.dev/feed.rss ("orib.dev", last updated 2024-08-24 04:53:23, fetched 198 times)
https://research.swtch.com/feed.atom ("research!rsc", last updated 2024-07-19 04:53:54, fetched 3 times)
https://rys.io/en/feed.rss ("<span>Songs</span> on the Security of Networks", last updated 2024-08-24 04:53:24, fetched 198 times)
https://samwho.dev/rss.xml ("samwho.dev", last updated 2024-08-24 04:53:25, fetched 198 times)
https://subpixel.space/feed.xml ("Subpixel Space", last updated 2024-08-24 04:53:22, fetched 198 times)
https://systemstack.dev/index.xml ("System Stack", last updated 2024-08-24 04:53:24, fetched 197 times, failure rate 0.51%)
https://taylor.town/feed.xml ("taylor.town", last updated 2024-08-24 04:53:24, fetched 198 times)
https://tedinski.com/feed.xml ("Ted Kaminski", last updated 2024-08-24 04:53:23, fetched 198 times)
https://tg.i-c-a.su/rss/nikitonsky_pub ("Стой под стрелой", last updated 2024-08-24 04:53:27, fetched 181 times, failure rate 9.39%)
https://thesephist.com/index.xml ("thesephist", last updated 2024-08-24 04:53:23, fetched 198 times)
https://til.simonwillison.net/tils/feed.atom ("Simon Willison TIL", last updated 2024-08-24 04:53:24, fetched 198 times)
https://tonsky.me/atom.xml ("tonsky.me", last updated 2024-08-24 04:53:24, fetched 196 times, failure rate 1.02%)
https://tudorr.ro/feed.rss ("tudor’s website", last updated 2024-08-24 04:53:24, fetched 198 times)
https://v5.chriskrycho.com/essays/feed.xml ("Essays\u200a—\u200aSympolymathesy, by Chris Krycho", last updated 2024-08-24 04:53:24, fetched 198 times)
https://vas3k.blog/rss/ ("Вастрик.ру", last updated 2024-08-24 04:53:23, fetched 198 times)
https://www.arp242.net/feed.xml ("arp242.net", last updated 2024-08-11 04:53:44, fetched 10 times)
https://www.copetti.org/index.xml ("The Copetti site", last updated 2024-08-07 15:38:54, fetched 3 times)
https://www.spicyweb.dev/feed.xml ("The Spicy Web", last updated 2024-08-24 04:53:25, fetched 198 times)
https://www.youtube.com/feeds/videos.xml?channel_id=UC3ts8coMP645hZw9JSD3pqQ ("Andreas Kling", last updated 2024-08-24 04:53:25, fetched 198 times)
https://www.youtube.com/feeds/videos.xml?channel_id=UC5dgoavpIertLkNDDITDoBQ ("Дмитрий Бачило", last updated 2024-08-24 04:53:24, fetched 198 times)
https://www.youtube.com/feeds/videos.xml?channel_id=UC6cqazSR6CnVMClY0bJI0Lg ("BadComedian", last updated 2024-08-24 04:53:25, fetched 198 times)
https://www.youtube.com/feeds/videos.xml?channel_id=UC8uT9cgJorJPWu7ITLGo9Ww ("The 8-Bit Guy", last updated 2024-08-24 04:53:24, fetched 198 times)
https://www.youtube.com/feeds/videos.xml?channel_id=UCBNG0osIBAprVcZZ3ic84vw ("Jim Browning", last updated 2024-08-24 04:53:23, fetched 198 times)
https://www.youtube.com/feeds/videos.xml?channel_id=UCCzVNbWZfYpBfyofCCUD_0w ("Денис Чужой", last updated 2024-08-24 04:53:25, fetched 198 times)
https://www.youtube.com/feeds/videos.xml?channel_id=UCGzfpg1YiBIlgcODQI4lDvQ ("Bushwacker", last updated 2024-08-24 04:53:25, fetched 198 times)
https://www.youtube.com/feeds/videos.xml?channel_id=UCJ8V9aiz50m6NVn0ix5v8RQ ("decino", last updated 2024-08-24 04:53:25, fetched 198 times)
https://www.youtube.com/feeds/videos.xml?channel_id=UCK8xpGAv8Oz7iMPgMw9j0LA ("kuji podcast", last updated 2024-08-24 04:53:24, fetched 198 times)
https://www.youtube.com/feeds/videos.xml?channel_id=UCMCgOm8GZkHp8zJ6l7_hIuA ("вДудь", last updated 2024-08-24 04:53:23, fetched 198 times)
https://www.youtube.com/feeds/videos.xml?channel_id=UCMiyV_Ib77XLpzHPQH_q0qQ ("Veronica Explains", last updated 2024-08-24 04:53:25, fetched 198 times)
https://www.youtube.com/feeds/videos.xml?channel_id=UCUzQJ3JBuQ9w-po4TXRJHiA ("jdh", last updated 2024-08-24 04:53:23, fetched 198 times)
https://www.youtube.com/feeds/videos.xml?channel_id=UCd1S3jp9vafRtkfkGRuhtvw ("zerodovich", last updated 2024-08-24 04:53:25, fetched 198 times)
https://www.youtube.com/feeds/videos.xml?channel_id=UCfn7uyPvr5IY5pux8oyIa4Q ("Кель`", last updated 2024-08-24 04:53:24, fetched 198 times)
https://www.youtube.com/feeds/videos.xml?playlist_id=PLr0vtm6PM7z0xMS4mKgYYr6sbNG-bm9av ("И так далее с Михаилом Фишманом", last updated 2024-08-24 04:53:27, fetched 41 times)
https://xeiaso.net/blog.rss ("Xe Iaso's blog", last updated 2024-08-24 04:53:23, fetched 194 times, failure rate 2.06%)
https://zserge.com/rss.xml ("zserge's blog", last updated 2024-08-24 04:53:24, fetched 198 times)
