https://100r.co/links/rss.xml (last updated 2024-05-08 09:08:42)
https://adnano.co/atom.xml (last updated 2024-05-08 09:08:11)
https://alexwlchan.net/atom.xml (last updated 2024-05-08 09:08:24)
https://andrewkelley.me/rss.xml (last updated 2024-03-26 16:18:23)
https://apenwarr.ca/log/rss.php (last updated 2024-05-08 09:08:30)
https://astrophena.name/feed.xml (last updated 2024-05-08 09:08:38)
https://auto.onliner.by/feed (last updated 2024-05-08 09:08:35)
https://bengarney.com/feed/ (last updated 2024-05-08 09:08:43)
https://benhoyt.com/writings/rss.xml (last updated 2024-05-08 09:08:14)
https://blisch.by/tag/gorodskie-zarisovki/feed (last updated 2024-05-08 09:08:23)
https://blog.wesleyac.com/feed.xml (last updated 2024-05-08 09:08:24)
https://brandur.org/articles.atom (last updated 2024-05-08 09:08:25)
https://brandur.org/atoms.atom (last updated 2024-05-08 09:08:35)
https://brandur.org/fragments.atom (last updated 2024-05-08 09:08:24)
https://brandur.org/nanoglyphs.atom (last updated 2024-05-08 09:08:30)
https://bsky.app/profile/did:plc:7r2fy3b4u7mmnhgbdxnflovv/rss 
https://ciechanow.ski/atom.xml (last updated 2024-05-08 09:08:34)
https://commandcenter.blogspot.com/feeds/posts/default (last updated 2024-03-26 16:18:30)
https://crawshaw.io/atom.xml (last updated 2024-05-08 09:08:24)
https://danluu.com/atom.xml (last updated 2024-05-08 09:08:25)
https://drewdevault.com/blog/index.xml (last updated 2024-05-08 09:08:39)
https://emersion.fr/blog/atom.xml (last updated 2024-05-08 09:08:14)
https://fasterthanli.me/index.xml (last updated 2024-05-08 09:08:39)
https://fathy.fr/atom.xml (last updated 2024-05-08 09:08:46)
https://flak.tedunangst.com/rss (last updated 2024-05-08 09:08:37)
https://go.dev/blog/feed.atom 
https://habr.com/ru/rss/users/bodyawm/articles/?fl=ru (last updated 2024-05-08 09:08:37)
https://hachyderm.io/@rsc.rss 
https://herman.bearblog.dev/feed/?type=rss (last updated 2024-05-08 09:08:46)
https://hnrss.org/best (last updated 2024-05-08 04:08:14)
https://infrequently.org/feed/ (last updated 2024-05-05 04:10:32)
https://jcs.org/rss (last updated 2024-05-08 09:08:28)
https://jvns.ca/atom.xml (last updated 2024-04-11 04:09:29)
https://ktostudent.ru/feed/ (last updated 2024-05-06 14:08:47)
https://liberda.nl/weblog/atom.xml (last updated 2024-05-08 09:08:24)
https://manuelmoreale.com/feed/rss (last updated 2024-05-08 09:08:28)
https://maximilyahov.ru/blog/rss/ (last updated 2024-05-08 09:08:46)
https://milan.cvitkovic.net/writing/index.xml (last updated 2024-05-08 09:08:26)
https://notebook.wesleyac.com/atom.xml (last updated 2024-05-08 09:08:12)
https://optozorax.github.io/atom.xml (last updated 2024-05-08 09:08:46)
https://orib.dev/feed.rss (last updated 2024-05-08 09:08:43)
https://research.swtch.com/feed.atom (last updated 2024-04-06 04:10:39)
https://rys.io/en/feed.rss (last updated 2024-05-08 09:08:18)
https://samwho.dev/rss.xml (last updated 2024-05-08 09:08:25)
https://subpixel.space/feed.xml (last updated 2024-05-08 09:08:11)
https://systemstack.dev/index.xml (last updated 2024-05-08 09:08:26)
https://taylor.town/feed.xml (last updated 2024-05-08 09:08:29)
https://tedinski.com/feed.xml (last updated 2024-05-08 09:08:29)
https://tg.i-c-a.su/rss/nikitonsky_pub (last updated 2024-05-08 09:08:34)
https://thesephist.com/index.xml (last updated 2024-05-08 09:08:18)
https://til.simonwillison.net/tils/feed.atom (last updated 2024-05-08 09:08:47)
https://tonsky.me/atom.xml (last updated 2024-05-08 09:08:31)
https://tudorr.ro/feed.rss (last updated 2024-05-08 09:08:44)
https://v5.chriskrycho.com/essays/feed.xml (last updated 2024-05-08 09:08:25)
https://vas3k.blog/rss/ (last updated 2024-05-08 09:08:10)
https://www.arp242.net/feed.xml (last updated 2024-05-04 09:09:33)
https://www.copetti.org/index.xml (last updated 2024-04-24 04:09:31)
https://www.spicyweb.dev/feed.xml (last updated 2024-05-08 09:08:30)
https://www.youtube.com/feeds/videos.xml?channel_id=UC3ts8coMP645hZw9JSD3pqQ 
https://www.youtube.com/feeds/videos.xml?channel_id=UC5dgoavpIertLkNDDITDoBQ (last updated 2024-05-08 09:08:26)
https://www.youtube.com/feeds/videos.xml?channel_id=UC6cqazSR6CnVMClY0bJI0Lg 
https://www.youtube.com/feeds/videos.xml?channel_id=UC8uT9cgJorJPWu7ITLGo9Ww (last updated 2024-05-08 09:08:12)
https://www.youtube.com/feeds/videos.xml?channel_id=UCBNG0osIBAprVcZZ3ic84vw (last updated 2024-05-08 09:08:44)
https://www.youtube.com/feeds/videos.xml?channel_id=UCCzVNbWZfYpBfyofCCUD_0w (last updated 2024-05-08 09:08:30)
https://www.youtube.com/feeds/videos.xml?channel_id=UCGzfpg1YiBIlgcODQI4lDvQ (last updated 2024-05-08 09:08:43)
https://www.youtube.com/feeds/videos.xml?channel_id=UCJ8V9aiz50m6NVn0ix5v8RQ (last updated 2024-05-08 09:08:39)
https://www.youtube.com/feeds/videos.xml?channel_id=UCK8xpGAv8Oz7iMPgMw9j0LA 
https://www.youtube.com/feeds/videos.xml?channel_id=UCMCgOm8GZkHp8zJ6l7_hIuA (last updated 2024-05-08 09:08:34)
https://www.youtube.com/feeds/videos.xml?channel_id=UCMiyV_Ib77XLpzHPQH_q0qQ (last updated 2024-05-08 09:08:30)
https://www.youtube.com/feeds/videos.xml?channel_id=UCUzQJ3JBuQ9w-po4TXRJHiA 
https://www.youtube.com/feeds/videos.xml?channel_id=UCd1S3jp9vafRtkfkGRuhtvw 
https://www.youtube.com/feeds/videos.xml?channel_id=UCfn7uyPvr5IY5pux8oyIa4Q 
https://www.youtube.com/feeds/videos.xml?playlist_id=PLr0vtm6PM7z0xMS4mKgYYr6sbNG-bm9av (last updated 2024-05-08 09:08:42)
https://xeiaso.net/blog.rss (last updated 2024-05-08 09:08:11)
https://zserge.com/rss.xml (last updated 2024-05-08 09:08:29)
