[
  {
    "chat_id": "test",
    "entities": [
      {
        "length": 28,
        "offset": 13,
        "type": "text_link",
        "url": "https://example.com/feed.xml"
      }
    ],
    "link_preview_options": {
      "is_disabled": true
    },
    "text": "Updates from https://example.com/feed.xml\n\n• Experimenting with intersections in Cities: Skylines\n• Hello, world!\n\n"
  }
]