[
  {
    "method": "sendMessage",
    "args": {
      "chat_id": 123456789,
      "entities": [],
      "link_preview_options": {
        "is_disabled": true
      },
      "reply_markup": {},
      "text": "Loaded!\n\n"
    }
  },
  {
    "method": "sendMessage",
    "args": {
      "chat_id": 123456789,
      "entities": [],
      "link_preview_options": {
        "is_disabled": true
      },
      "reply_markup": {},
      "text": "Hello!\n\n"
    }
  }
]