[
  {
    "method": "sendMessage",
    "args": {
      "chat_id": -100,
      "entities": [
        {
          "length": 155,
          "offset": 25,
          "type": "pre"
        }
      ],
      "link_preview_options": {
        "is_disabled": true
      },
      "text": "❌ Something went wrong:\n\nTraceback (most recent call last):\n  //bot.star:13:17: in handle\n  //bot.star:2:12: in send_message\nError: function send_message missing 1 argument (text)\n\n"
    }
  }
]