[
 {
  "title": "Следы Захарьевского переулка (или улицы Урицкого времен СССР) во дворах на проспекте Независимости",
  "description": "Минск до войны и Минск после войны \u0026#8212; это два разных Минска. В первые же годы после деоккупации город начали перестраивать, в том числе изменяя его планировку и ширину улиц. Проезжая часть главной магистрали столицы \u0026#8212; Захарьевской улицы \u0026#8212; выросла более чем в два раза, что потребовало фактически новой ее прокладки и застройки. Теперь Захарьевскую...",
  "link": "https://blisch.by/minsk-uritskogo",
  "links": [
   "https://blisch.by/minsk-uritskogo"
  ],
  "published": "Wed, 03 Apr 2024 05:30:16 +0000",
  "publishedParsed": "2024-04-03T05:30:16Z",
  "author": {
   "name": "Денис Блищ"
  },
  "authors": [
   {
    "name": "Денис Блищ"
   }
  ],
  "guid": "https://blisch.by/?p=87457",
  "categories": [
   "Блог",
   "Город"
  ],
  "dcExt": {
   "creator": [
    "Денис Блищ"
   ]
  },
  "extensions": {
   "dc": {
    "creator": [
     {
      "name": "creator",
      "value": "Денис Блищ",
      "attrs": {},
      "children": {}
     }
    ]
   }
  }
 },
 {
  "title": "Несбывшийся студгородок БГУ на Курчатова",
  "description": "Я был студентом БГУ с 1999-го по 2004-й год и регулярно бывал \u0026#171;на Курчатова\u0026#187;, то есть посещал филиал университета за кольцевой. Во-первых, там располагалось общежитие №10, часть которого занимали студенты (и студентки) родного факультета журналистики. В \u0026#171;десятке\u0026#187; отлично пилось пиво между печатью учебных снимков к практическим занятиям по фотоделу, а еще был стол для пинг-понга...",
  "link": "https://blisch.by/minsk-studgorodok",
  "links": [
   "https://blisch.by/minsk-studgorodok"
  ],
  "published": "Tue, 02 Apr 2024 05:30:45 +0000",
  "publishedParsed": "2024-04-02T05:30:45Z",
  "author": {
   "name": "Денис Блищ"
  },
  "authors": [
   {
    "name": "Денис Блищ"
   }
  ],
  "guid": "https://blisch.by/?p=87439",
  "categories": [
   "Блог",
   "Город"
  ],
  "dcExt": {
   "creator": [
    "Денис Блищ"
   ]
  },
  "extensions": {
   "dc": {
    "creator": [
     {
      "name": "creator",
      "value": "Денис Блищ",
      "attrs": {},
      "children": {}
     }
    ]
   }
  }
 },
 {
  "title": "Фото: квартал «Центральный парк» в Новой Боровой на финишной прямой",
  "description": "Не так давно я заезжал в Новую Боровую по своим делам и впервые за десять лет с тех пор началось строительство этого района, впервые с момента первых заметок в блоге о его развитии, он показался полностью завершенным. Фактически это не так: \u0026#171;А-100 Девелопмент\u0026#187; продолжает развитие отдельных групп домов в рамках \u0026#171;Центрального парка\u0026#187; и планирует осваивать...",
  "link": "https://blisch.by/newbor-10",
  "links": [
   "https://blisch.by/newbor-10"
  ],
  "published": "Wed, 27 Mar 2024 05:30:28 +0000",
  "publishedParsed": "2024-03-27T05:30:28Z",
  "author": {
   "name": "Денис Блищ"
  },
  "authors": [
   {
    "name": "Денис Блищ"
   }
  ],
  "guid": "https://blisch.by/?p=87238",
  "categories": [
   "Блог",
   "Город"
  ],
  "dcExt": {
   "creator": [
    "Денис Блищ"
   ]
  },
  "extensions": {
   "dc": {
    "creator": [
     {
      "name": "creator",
      "value": "Денис Блищ",
      "attrs": {},
      "children": {}
     }
    ]
   }
  }
 },
 {
  "title": "Бывшая деревня Дворище в Малиновке",
  "description": "Бывшая деревня Дворище, прилегающая к минскому району Малиновка, в каком-то смысле уникальна, потому что практически не подвергалась сносам и сохранила оригинальную планировку с двумя параллельными улицами по обеим сторонам полувысохшего русла речки Лошицы. Она была включена в состав столицы где-то в самом конце существования СССР и за это время обновилась лишь в части жилищ. Старые...",
  "link": "https://blisch.by/minsk-dvorishe",
  "links": [
   "https://blisch.by/minsk-dvorishe"
  ],
  "published": "Tue, 26 Mar 2024 05:30:23 +0000",
  "publishedParsed": "2024-03-26T05:30:23Z",
  "author": {
   "name": "Денис Блищ"
  },
  "authors": [
   {
    "name": "Денис Блищ"
   }
  ],
  "guid": "https://blisch.by/?p=87276",
  "categories": [
   "Блог",
   "Город"
  ],
  "dcExt": {
   "creator": [
    "Денис Блищ"
   ]
  },
  "extensions": {
   "dc": {
    "creator": [
     {
      "name": "creator",
      "value": "Денис Блищ",
      "attrs": {},
      "children": {}
     }
    ]
   }
  }
 },
 {
  "title": "Следующая прогулка по стройке «Северного Берега». Появились очертания улиц, в конструкциях готовы первые дома",
  "description": "Раньше я регулярно делал обходы двух больших строек нашего города \u0026#8212; \u0026#171;Минск-Мира\u0026#187; и \u0026#171;Новой Боровой\u0026#187; \u0026#8212; а теперь появилось третье направление. \u0026#171;Северный Берег\u0026#187; довольно резво стартанул и меньше чем за год добился осязаемых результатов. Ну, про сквер у озера все знают из СМИ, но дело не только в сквере: появились первые дома в конструкциях, заложены...",
  "link": "https://blisch.by/minsk-northwaterfront",
  "links": [
   "https://blisch.by/minsk-northwaterfront"
  ],
  "published": "Tue, 20 Feb 2024 05:30:06 +0000",
  "publishedParsed": "2024-02-20T05:30:06Z",
  "author": {
   "name": "Денис Блищ"
  },
  "authors": [
   {
    "name": "Денис Блищ"
   }
  ],
  "guid": "https://blisch.by/?p=86132",
  "categories": [
   "Блог",
   "Город"
  ],
  "dcExt": {
   "creator": [
    "Денис Блищ"
   ]
  },
  "extensions": {
   "dc": {
    "creator": [
     {
      "name": "creator",
      "value": "Денис Блищ",
      "attrs": {},
      "children": {}
     }
    ]
   }
  }
 },
 {
  "title": "Почти ультимативный гайд по минскому конструктивизму",
  "description": "Минского конструктивизима практически нет: как стиль он возник в Советском Союзе 20-х, а в наш город проник лишь к концу десятилетия. Но уже в первой половине 30-х авангардные течения в искусстве, в том числе архитектуре, попали в опалу и постепенно заменены ретроспективными течениями, наиболее известными нам под неофициальным термином \u0026#171;сталинской неоклассики\u0026#187;. В 1932-м по стране...",
  "link": "https://blisch.by/minsk-konstrukt",
  "links": [
   "https://blisch.by/minsk-konstrukt"
  ],
  "published": "Mon, 19 Feb 2024 05:30:05 +0000",
  "publishedParsed": "2024-02-19T05:30:05Z",
  "author": {
   "name": "Денис Блищ"
  },
  "authors": [
   {
    "name": "Денис Блищ"
   }
  ],
  "guid": "https://blisch.by/?p=86019",
  "categories": [
   "Блог",
   "Город"
  ],
  "dcExt": {
   "creator": [
    "Денис Блищ"
   ]
  },
  "extensions": {
   "dc": {
    "creator": [
     {
      "name": "creator",
      "value": "Денис Блищ",
      "attrs": {},
      "children": {}
     }
    ]
   }
  }
 },
 {
  "title": "Первые лица государств в советском Минске",
  "description": "Недавно случилось 30 лет со дня визита 42-го президента США Билла Клинтона в Минск, в связи с чем я наткнулся на пару заметок на тему первого и единственного визита такого рода в белорусскую столицу. Это не так: за двадцать лет до Клинтона Минск посещал Ричард Никсон. Известна его фраза: \u0026#171;Я хочу, чтобы вы все знали,...",
  "link": "https://blisch.by/minsk-visits",
  "links": [
   "https://blisch.by/minsk-visits"
  ],
  "published": "Wed, 31 Jan 2024 05:30:52 +0000",
  "publishedParsed": "2024-01-31T05:30:52Z",
  "author": {
   "name": "Денис Блищ"
  },
  "authors": [
   {
    "name": "Денис Блищ"
   }
  ],
  "guid": "https://blisch.by/?p=85510",
  "categories": [
   "Блог",
   "Город"
  ],
  "dcExt": {
   "creator": [
    "Денис Блищ"
   ]
  },
  "extensions": {
   "dc": {
    "creator": [
     {
      "name": "creator",
      "value": "Денис Блищ",
      "attrs": {},
      "children": {}
     }
    ]
   }
  }
 },
 {
  "title": "Один день Минска 13 апреля 1979-го года на спутниковом снимке. Каким был город и каким стал",
  "description": "В конце прошлого года я обнаружил в интернете неизвестный мне ранее спутниковый снимок Минска, датированный 13 апрелем 1979-го года. Снимок невероятно хорошего качества, полученный каким-то разведывательным аппаратом США и обнародованный в рамках их программы организации бесплатного доступа к фотографиям планеты из космоса. Детализации снимка достаточно, чтобы легко распознать известные и неизвестные места и здания города...",
  "link": "https://blisch.by/minsk-satellite",
  "links": [
   "https://blisch.by/minsk-satellite"
  ],
  "published": "Tue, 30 Jan 2024 05:30:39 +0000",
  "publishedParsed": "2024-01-30T05:30:39Z",
  "author": {
   "name": "Денис Блищ"
  },
  "authors": [
   {
    "name": "Денис Блищ"
   }
  ],
  "guid": "https://blisch.by/?p=85343",
  "categories": [
   "Блог",
   "Город"
  ],
  "dcExt": {
   "creator": [
    "Денис Блищ"
   ]
  },
  "extensions": {
   "dc": {
    "creator": [
     {
      "name": "creator",
      "value": "Денис Блищ",
      "attrs": {},
      "children": {}
     }
    ]
   }
  }
 },
 {
  "title": "Странные минские адреса",
  "description": "Подписчик моего телеграм-канала о Минске обратил внимание, что \u0026#171;Сбер Банк\u0026#187;, достроивший здание \u0026#171;Некемпински\u0026#187;, зарегистрировал его по адресу проспект Независимости, 32А, а отдельные корпуса назвал на российский манер строениями \u0026#8212; получилось, например, дом №32А/С1. Наблюдение читателя натолкнуло меня на мысль нырнуть в массивы данных столичных адресов и найти еще какую-нибудь необычную, редкую, странную нумерацию. И я...",
  "link": "https://blisch.by/minsk-addresses",
  "links": [
   "https://blisch.by/minsk-addresses"
  ],
  "published": "Mon, 29 Jan 2024 05:30:48 +0000",
  "publishedParsed": "2024-01-29T05:30:48Z",
  "author": {
   "name": "Денис Блищ"
  },
  "authors": [
   {
    "name": "Денис Блищ"
   }
  ],
  "guid": "https://blisch.by/?p=85326",
  "categories": [
   "Блог",
   "Город"
  ],
  "dcExt": {
   "creator": [
    "Денис Блищ"
   ]
  },
  "extensions": {
   "dc": {
    "creator": [
     {
      "name": "creator",
      "value": "Денис Блищ",
      "attrs": {},
      "children": {}
     }
    ]
   }
  }
 },
 {
  "title": "Олды здесь? Листаем «Запретный Минск» руфера Раскалова",
  "description": "В 2011-м году руфер Виталий Раскалов (утверждает, что это вымышленные фамилия и имя) приехал в белорусскую столицу и облазал несколько знаковых крыш города. По итогам поездки он выпустил пост в \u0026#171;Живом журнале\u0026#187; с названием \u0026#171;Запретный Минск\u0026#187;, который не только стал очень популярным и получил кучу перепечаток в наших СМИ, но и превратился в постироничный мем,...",
  "link": "https://blisch.by/minsk-banned",
  "links": [
   "https://blisch.by/minsk-banned"
  ],
  "published": "Fri, 26 Jan 2024 05:30:49 +0000",
  "publishedParsed": "2024-01-26T05:30:49Z",
  "author": {
   "name": "Денис Блищ"
  },
  "authors": [
   {
    "name": "Денис Блищ"
   }
  ],
  "guid": "https://blisch.by/?p=85231",
  "categories": [
   "Блог",
   "Город"
  ],
  "dcExt": {
   "creator": [
    "Денис Блищ"
   ]
  },
  "extensions": {
   "dc": {
    "creator": [
     {
      "name": "creator",
      "value": "Денис Блищ",
      "attrs": {},
      "children": {}
     }
    ]
   }
  }
 }
]