[
  {
    "chat_id": "test",
    "entities": [
      {
        "length": 14,
        "offset": 3,
        "type": "text_link",
        "url": "https://example.com/keep"
      }
    ],
    "link_preview_options": {
      "is_disabled": false
    },
    "text": "🔗 Keep this item\n#examplecom\n\n"
  }
]