keys:
logs:
hooks:
  pre //main.star
  pre //module.star
  post //module.star
  post //main.star
visited:
  //main.star
  //module.star
error:
Traceback (most recent call last):
  //main.star:2:1: in <toplevel>
Error: cannot load //module.star: the module has been exec'ed before and therefore is not loadable
