keys:
logs:
hooks:
  pre //main.star
  post //main.star
visited:
  //main.star
  //module.star
error:
Traceback (most recent call last):
  //main.star:1:1: in <toplevel>
Error: cannot load //module.star: Traceback (most recent call last):
  //module.star:3:5: in <toplevel>
  //module.star:2:9: in fail
Error: invalid call of non-function (NoneType)
